Archive member included to satisfy reference by file (symbol)

/usr/lib/gcc/avr/5.4.0/avr25/libgcc.a(_mulqi3.o)
                              main.o (__mulqi3)
/usr/lib/gcc/avr/5.4.0/avr25/libgcc.a(_divmodsi4.o)
                              main.o (__divmodsi4)
/usr/lib/gcc/avr/5.4.0/avr25/libgcc.a(_negsi2.o)
                              /usr/lib/gcc/avr/5.4.0/avr25/libgcc.a(_divmodsi4.o) (__negsi2)
/usr/lib/gcc/avr/5.4.0/avr25/libgcc.a(_exit.o)
                              /usr/lib/gcc/avr/5.4.0/../../../avr/lib/avr25/crtattiny84.o (exit)
/usr/lib/gcc/avr/5.4.0/avr25/libgcc.a(_clear_bss.o)
                              main.o (__do_clear_bss)
/usr/lib/gcc/avr/5.4.0/avr25/libgcc.a(_udivmodsi4.o)
                              /usr/lib/gcc/avr/5.4.0/avr25/libgcc.a(_divmodsi4.o) (__udivmodsi4)
/usr/lib/gcc/avr/5.4.0/../../../avr/lib/avr25/libc.a(memcpy.o)
                              main.o (memcpy)
/usr/lib/gcc/avr/5.4.0/../../../avr/lib/avr25/libc.a(memset.o)
                              main.o (memset)
/usr/lib/gcc/avr/5.4.0/../../../avr/lib/avr25/libattiny84.a(eerd_block.o)
                              main.o (eeprom_read_block)
/usr/lib/gcc/avr/5.4.0/../../../avr/lib/avr25/libattiny84.a(eerd_byte.o)
                              main.o (eeprom_read_byte)
/usr/lib/gcc/avr/5.4.0/../../../avr/lib/avr25/libattiny84.a(eewr_block.o)
                              main.o (eeprom_write_block)
/usr/lib/gcc/avr/5.4.0/../../../avr/lib/avr25/libattiny84.a(eewr_byte.o)
                              main.o (eeprom_write_byte)

Memory Configuration

Name             Origin             Length             Attributes
text             0x0000000000000000 0x0000000000002000 xr
data             0x0000000000800060 0x0000000000000200 rw !x
eeprom           0x0000000000810000 0x0000000000000200 rw !x
fuse             0x0000000000820000 0x0000000000000003 rw !x
lock             0x0000000000830000 0x0000000000000400 rw !x
signature        0x0000000000840000 0x0000000000000400 rw !x
user_signatures  0x0000000000850000 0x0000000000000400 rw !x
*default*        0x0000000000000000 0xffffffffffffffff

Linker script and memory map

LOAD /usr/lib/gcc/avr/5.4.0/../../../avr/lib/avr25/crtattiny84.o
LOAD main.o
START GROUP
LOAD /usr/lib/gcc/avr/5.4.0/avr25/libgcc.a
LOAD /usr/lib/gcc/avr/5.4.0/../../../avr/lib/avr25/libm.a
LOAD /usr/lib/gcc/avr/5.4.0/../../../avr/lib/avr25/libc.a
LOAD /usr/lib/gcc/avr/5.4.0/../../../avr/lib/avr25/libattiny84.a
END GROUP
                0x0000000000000000                __TEXT_REGION_ORIGIN__ = DEFINED (__TEXT_REGION_ORIGIN__)?__TEXT_REGION_ORIGIN__:0x0
                [0x0000000000800060]                __DATA_REGION_ORIGIN__ = DEFINED (__DATA_REGION_ORIGIN__)?__DATA_REGION_ORIGIN__:0x800060
                [0x0000000000002000]                __TEXT_REGION_LENGTH__ = DEFINED (__TEXT_REGION_LENGTH__)?__TEXT_REGION_LENGTH__:0x2000
                [0x0000000000000200]                __DATA_REGION_LENGTH__ = DEFINED (__DATA_REGION_LENGTH__)?__DATA_REGION_LENGTH__:0xffa0
                [0x0000000000000200]                __EEPROM_REGION_LENGTH__ = DEFINED (__EEPROM_REGION_LENGTH__)?__EEPROM_REGION_LENGTH__:0x10000
                [0x0000000000000003]                __FUSE_REGION_LENGTH__ = DEFINED (__FUSE_REGION_LENGTH__)?__FUSE_REGION_LENGTH__:0x400
                0x0000000000000400                __LOCK_REGION_LENGTH__ = DEFINED (__LOCK_REGION_LENGTH__)?__LOCK_REGION_LENGTH__:0x400
                0x0000000000000400                __SIGNATURE_REGION_LENGTH__ = DEFINED (__SIGNATURE_REGION_LENGTH__)?__SIGNATURE_REGION_LENGTH__:0x400
                0x0000000000000400                __USER_SIGNATURE_REGION_LENGTH__ = DEFINED (__USER_SIGNATURE_REGION_LENGTH__)?__USER_SIGNATURE_REGION_LENGTH__:0x400

.hash
 *(.hash)

.dynsym
 *(.dynsym)

.dynstr
 *(.dynstr)

.gnu.version
 *(.gnu.version)

.gnu.version_d
 *(.gnu.version_d)

.gnu.version_r
 *(.gnu.version_r)

.rel.init
 *(.rel.init)

.rela.init
 *(.rela.init)

.rel.text
 *(.rel.text)
 *(.rel.text.*)
 *(.rel.gnu.linkonce.t*)

.rela.text
 *(.rela.text)
 *(.rela.text.*)
 *(.rela.gnu.linkonce.t*)

.rel.fini
 *(.rel.fini)

.rela.fini
 *(.rela.fini)

.rel.rodata
 *(.rel.rodata)
 *(.rel.rodata.*)
 *(.rel.gnu.linkonce.r*)

.rela.rodata
 *(.rela.rodata)
 *(.rela.rodata.*)
 *(.rela.gnu.linkonce.r*)

.rel.data
 *(.rel.data)
 *(.rel.data.*)
 *(.rel.gnu.linkonce.d*)

.rela.data
 *(.rela.data)
 *(.rela.data.*)
 *(.rela.gnu.linkonce.d*)

.rel.ctors
 *(.rel.ctors)

.rela.ctors
 *(.rela.ctors)

.rel.dtors
 *(.rel.dtors)

.rela.dtors
 *(.rela.dtors)

.rel.got
 *(.rel.got)

.rela.got
 *(.rela.got)

.rel.bss
 *(.rel.bss)

.rela.bss
 *(.rela.bss)

.rel.plt
 *(.rel.plt)

.rela.plt
 *(.rela.plt)

.text           0x0000000000000000      0x8f6
 *(.vectors)
 .vectors       0x0000000000000000       0x22 /usr/lib/gcc/avr/5.4.0/../../../avr/lib/avr25/crtattiny84.o
                0x0000000000000000                __vectors
                0x0000000000000000                __vector_default
 *(.vectors)
 *(.progmem.gcc*)
                0x0000000000000022                . = ALIGN (0x2)
                0x0000000000000022                __trampolines_start = .
 *(.trampolines)
 .trampolines   0x0000000000000022        0x0 linker stubs
 *(.trampolines*)
                0x0000000000000022                __trampolines_end = .
 *libprintf_flt.a:*(.progmem.data)
 *libc.a:*(.progmem.data)
 *(.progmem*)
 .progmem.data  0x0000000000000022       0xdd main.o
                0x0000000000000022                led_port_code
                0x0000000000000032                font_table
                0x0000000000000100                . = ALIGN (0x2)
 *fill*         0x00000000000000ff        0x1 
 *(.jumptables)
 *(.jumptables*)
 *(.lowtext)
 *(.lowtext*)
                0x0000000000000100                __ctors_start = .
 *(.ctors)
                0x0000000000000100                __ctors_end = .
                0x0000000000000100                __dtors_start = .
 *(.dtors)
                0x0000000000000100                __dtors_end = .
 SORT(*)(.ctors)
 SORT(*)(.dtors)
 *(.init0)
 .init0         0x0000000000000100        0x0 /usr/lib/gcc/avr/5.4.0/../../../avr/lib/avr25/crtattiny84.o
                0x0000000000000100                __init
 *(.init0)
 *(.init1)
 *(.init1)
 *(.init2)
 .init2         0x0000000000000100        0xc /usr/lib/gcc/avr/5.4.0/../../../avr/lib/avr25/crtattiny84.o
 *(.init2)
 *(.init3)
 *(.init3)
 *(.init4)
 .init4         0x000000000000010c       0x10 /usr/lib/gcc/avr/5.4.0/avr25/libgcc.a(_clear_bss.o)
                0x000000000000010c                __do_clear_bss
 *(.init4)
 *(.init5)
 *(.init5)
 *(.init6)
 *(.init6)
 *(.init7)
 *(.init7)
 *(.init8)
 *(.init8)
 *(.init9)
 .init9         0x000000000000011c        0x4 /usr/lib/gcc/avr/5.4.0/../../../avr/lib/avr25/crtattiny84.o
 *(.init9)
 *(.text)
 .text          0x0000000000000120        0x2 /usr/lib/gcc/avr/5.4.0/../../../avr/lib/avr25/crtattiny84.o
                0x0000000000000120                __vector_1
                0x0000000000000120                __vector_12
                0x0000000000000120                __bad_interrupt
                0x0000000000000120                __vector_6
                0x0000000000000120                __vector_3
                0x0000000000000120                __vector_11
                0x0000000000000120                __vector_13
                0x0000000000000120                __vector_7
                0x0000000000000120                __vector_5
                0x0000000000000120                __vector_4
                0x0000000000000120                __vector_9
                0x0000000000000120                __vector_2
                0x0000000000000120                __vector_15
                0x0000000000000120                __vector_8
                0x0000000000000120                __vector_14
                0x0000000000000120                __vector_10
                0x0000000000000120                __vector_16
 .text          0x0000000000000122      0x44c main.o
                0x00000000000001bc                read_adc
                0x00000000000001ce                sample_clk_data
                0x0000000000000300                wait_for_clock
                0x000000000000032c                rx_byte
                0x0000000000000372                rx_ihex
                0x000000000000044c                delay_column
                0x0000000000000476                show_messages
 .text          0x000000000000056e        0x0 /usr/lib/gcc/avr/5.4.0/avr25/libgcc.a(_mulqi3.o)
 .text          0x000000000000056e        0x0 /usr/lib/gcc/avr/5.4.0/avr25/libgcc.a(_divmodsi4.o)
 .text          0x000000000000056e        0x0 /usr/lib/gcc/avr/5.4.0/avr25/libgcc.a(_negsi2.o)
 .text          0x000000000000056e        0x0 /usr/lib/gcc/avr/5.4.0/avr25/libgcc.a(_exit.o)
 .text          0x000000000000056e        0x0 /usr/lib/gcc/avr/5.4.0/avr25/libgcc.a(_clear_bss.o)
 .text          0x000000000000056e        0x0 /usr/lib/gcc/avr/5.4.0/avr25/libgcc.a(_udivmodsi4.o)
 .text          0x000000000000056e        0x0 /usr/lib/gcc/avr/5.4.0/../../../avr/lib/avr25/libc.a(memcpy.o)
 .text          0x000000000000056e        0x0 /usr/lib/gcc/avr/5.4.0/../../../avr/lib/avr25/libc.a(memset.o)
 .text          0x000000000000056e        0x0 /usr/lib/gcc/avr/5.4.0/../../../avr/lib/avr25/libattiny84.a(eerd_block.o)
 .text          0x000000000000056e        0x0 /usr/lib/gcc/avr/5.4.0/../../../avr/lib/avr25/libattiny84.a(eerd_byte.o)
 .text          0x000000000000056e        0x0 /usr/lib/gcc/avr/5.4.0/../../../avr/lib/avr25/libattiny84.a(eewr_block.o)
 .text          0x000000000000056e        0x0 /usr/lib/gcc/avr/5.4.0/../../../avr/lib/avr25/libattiny84.a(eewr_byte.o)
                0x000000000000056e                . = ALIGN (0x2)
 *(.text.*)
 .text.startup  0x000000000000056e      0x278 main.o
                0x000000000000056e                main
 .text.libgcc.mul
                0x00000000000007e6       0x12 /usr/lib/gcc/avr/5.4.0/avr25/libgcc.a(_mulqi3.o)
                0x00000000000007e6                __mulqi3
 .text.libgcc.div
                0x00000000000007f8        0x0 /usr/lib/gcc/avr/5.4.0/avr25/libgcc.a(_mulqi3.o)
 .text.libgcc   0x00000000000007f8        0x0 /usr/lib/gcc/avr/5.4.0/avr25/libgcc.a(_mulqi3.o)
 .text.libgcc.prologue
                0x00000000000007f8        0x0 /usr/lib/gcc/avr/5.4.0/avr25/libgcc.a(_mulqi3.o)
 .text.libgcc.builtins
                0x00000000000007f8        0x0 /usr/lib/gcc/avr/5.4.0/avr25/libgcc.a(_mulqi3.o)
 .text.libgcc.fmul
                0x00000000000007f8        0x0 /usr/lib/gcc/avr/5.4.0/avr25/libgcc.a(_mulqi3.o)
 .text.libgcc.fixed
                0x00000000000007f8        0x0 /usr/lib/gcc/avr/5.4.0/avr25/libgcc.a(_mulqi3.o)
 .text.libgcc.mul
                0x00000000000007f8        0x0 /usr/lib/gcc/avr/5.4.0/avr25/libgcc.a(_divmodsi4.o)
 .text.libgcc.div
                0x00000000000007f8       0x28 /usr/lib/gcc/avr/5.4.0/avr25/libgcc.a(_divmodsi4.o)
                0x00000000000007f8                __divmodsi4
 .text.libgcc   0x0000000000000820        0x0 /usr/lib/gcc/avr/5.4.0/avr25/libgcc.a(_divmodsi4.o)
 .text.libgcc.prologue
                0x0000000000000820        0x0 /usr/lib/gcc/avr/5.4.0/avr25/libgcc.a(_divmodsi4.o)
 .text.libgcc.builtins
                0x0000000000000820        0x0 /usr/lib/gcc/avr/5.4.0/avr25/libgcc.a(_divmodsi4.o)
 .text.libgcc.fmul
                0x0000000000000820        0x0 /usr/lib/gcc/avr/5.4.0/avr25/libgcc.a(_divmodsi4.o)
 .text.libgcc.fixed
                0x0000000000000820        0x0 /usr/lib/gcc/avr/5.4.0/avr25/libgcc.a(_divmodsi4.o)
 .text.libgcc.mul
                0x0000000000000820        0x0 /usr/lib/gcc/avr/5.4.0/avr25/libgcc.a(_negsi2.o)
 .text.libgcc.div
                0x0000000000000820       0x10 /usr/lib/gcc/avr/5.4.0/avr25/libgcc.a(_negsi2.o)
                0x0000000000000820                __negsi2
 .text.libgcc   0x0000000000000830        0x0 /usr/lib/gcc/avr/5.4.0/avr25/libgcc.a(_negsi2.o)
 .text.libgcc.prologue
                0x0000000000000830        0x0 /usr/lib/gcc/avr/5.4.0/avr25/libgcc.a(_negsi2.o)
 .text.libgcc.builtins
                0x0000000000000830        0x0 /usr/lib/gcc/avr/5.4.0/avr25/libgcc.a(_negsi2.o)
 .text.libgcc.fmul
                0x0000000000000830        0x0 /usr/lib/gcc/avr/5.4.0/avr25/libgcc.a(_negsi2.o)
 .text.libgcc.fixed
                0x0000000000000830        0x0 /usr/lib/gcc/avr/5.4.0/avr25/libgcc.a(_negsi2.o)
 .text.libgcc.mul
                0x0000000000000830        0x0 /usr/lib/gcc/avr/5.4.0/avr25/libgcc.a(_exit.o)
 .text.libgcc.div
                0x0000000000000830        0x0 /usr/lib/gcc/avr/5.4.0/avr25/libgcc.a(_exit.o)
 .text.libgcc   0x0000000000000830        0x0 /usr/lib/gcc/avr/5.4.0/avr25/libgcc.a(_exit.o)
 .text.libgcc.prologue
                0x0000000000000830        0x0 /usr/lib/gcc/avr/5.4.0/avr25/libgcc.a(_exit.o)
 .text.libgcc.builtins
                0x0000000000000830        0x0 /usr/lib/gcc/avr/5.4.0/avr25/libgcc.a(_exit.o)
 .text.libgcc.fmul
                0x0000000000000830        0x0 /usr/lib/gcc/avr/5.4.0/avr25/libgcc.a(_exit.o)
 .text.libgcc.fixed
                0x0000000000000830        0x0 /usr/lib/gcc/avr/5.4.0/avr25/libgcc.a(_exit.o)
 .text.libgcc.mul
                0x0000000000000830        0x0 /usr/lib/gcc/avr/5.4.0/avr25/libgcc.a(_clear_bss.o)
 .text.libgcc.div
                0x0000000000000830        0x0 /usr/lib/gcc/avr/5.4.0/avr25/libgcc.a(_clear_bss.o)
 .text.libgcc   0x0000000000000830        0x0 /usr/lib/gcc/avr/5.4.0/avr25/libgcc.a(_clear_bss.o)
 .text.libgcc.prologue
                0x0000000000000830        0x0 /usr/lib/gcc/avr/5.4.0/avr25/libgcc.a(_clear_bss.o)
 .text.libgcc.builtins
                0x0000000000000830        0x0 /usr/lib/gcc/avr/5.4.0/avr25/libgcc.a(_clear_bss.o)
 .text.libgcc.fmul
                0x0000000000000830        0x0 /usr/lib/gcc/avr/5.4.0/avr25/libgcc.a(_clear_bss.o)
 .text.libgcc.fixed
                0x0000000000000830        0x0 /usr/lib/gcc/avr/5.4.0/avr25/libgcc.a(_clear_bss.o)
 .text.libgcc.mul
                0x0000000000000830        0x0 /usr/lib/gcc/avr/5.4.0/avr25/libgcc.a(_udivmodsi4.o)
 .text.libgcc.div
                0x0000000000000830       0x44 /usr/lib/gcc/avr/5.4.0/avr25/libgcc.a(_udivmodsi4.o)
                0x0000000000000830                __udivmodsi4
 .text.libgcc   0x0000000000000874        0x0 /usr/lib/gcc/avr/5.4.0/avr25/libgcc.a(_udivmodsi4.o)
 .text.libgcc.prologue
                0x0000000000000874        0x0 /usr/lib/gcc/avr/5.4.0/avr25/libgcc.a(_udivmodsi4.o)
 .text.libgcc.builtins
                0x0000000000000874        0x0 /usr/lib/gcc/avr/5.4.0/avr25/libgcc.a(_udivmodsi4.o)
 .text.libgcc.fmul
                0x0000000000000874        0x0 /usr/lib/gcc/avr/5.4.0/avr25/libgcc.a(_udivmodsi4.o)
 .text.libgcc.fixed
                0x0000000000000874        0x0 /usr/lib/gcc/avr/5.4.0/avr25/libgcc.a(_udivmodsi4.o)
 .text.avr-libc
                0x0000000000000874       0x12 /usr/lib/gcc/avr/5.4.0/../../../avr/lib/avr25/libc.a(memcpy.o)
                0x0000000000000874                memcpy
 .text.avr-libc
                0x0000000000000886        0xe /usr/lib/gcc/avr/5.4.0/../../../avr/lib/avr25/libc.a(memset.o)
                0x0000000000000886                memset
 .text.avr-libc
                0x0000000000000894       0x20 /usr/lib/gcc/avr/5.4.0/../../../avr/lib/avr25/libattiny84.a(eerd_block.o)
                0x0000000000000894                eeprom_read_block
                0x0000000000000898                eeprom_read_blraw
 .text.avr-libc
                0x00000000000008b4       0x10 /usr/lib/gcc/avr/5.4.0/../../../avr/lib/avr25/libattiny84.a(eerd_byte.o)
                0x00000000000008b4                eeprom_read_byte
 .text.avr-libc
                0x00000000000008c4       0x12 /usr/lib/gcc/avr/5.4.0/../../../avr/lib/avr25/libattiny84.a(eewr_block.o)
                0x00000000000008c4                eeprom_write_block
 .text.avr-libc
                0x00000000000008d6       0x1c /usr/lib/gcc/avr/5.4.0/../../../avr/lib/avr25/libattiny84.a(eewr_byte.o)
                0x00000000000008d6                eeprom_write_byte
                0x00000000000008d8                eeprom_write_r18
                0x00000000000008f2                . = ALIGN (0x2)
 *(.fini9)
 .fini9         0x00000000000008f2        0x0 /usr/lib/gcc/avr/5.4.0/avr25/libgcc.a(_exit.o)
                0x00000000000008f2                exit
                0x00000000000008f2                _exit
 *(.fini9)
 *(.fini8)
 *(.fini8)
 *(.fini7)
 *(.fini7)
 *(.fini6)
 *(.fini6)
 *(.fini5)
 *(.fini5)
 *(.fini4)
 *(.fini4)
 *(.fini3)
 *(.fini3)
 *(.fini2)
 *(.fini2)
 *(.fini1)
 *(.fini1)
 *(.fini0)
 .fini0         0x00000000000008f2        0x4 /usr/lib/gcc/avr/5.4.0/avr25/libgcc.a(_exit.o)
 *(.fini0)
                0x00000000000008f6                _etext = .

.data           0x0000000000800060        0x0 load address 0x00000000000008f6
                [!provide]                        PROVIDE (__data_start, .)
 *(.data)
 .data          0x0000000000800060        0x0 /usr/lib/gcc/avr/5.4.0/../../../avr/lib/avr25/crtattiny84.o
 .data          0x0000000000800060        0x0 main.o
 .data          0x0000000000800060        0x0 /usr/lib/gcc/avr/5.4.0/avr25/libgcc.a(_mulqi3.o)
 .data          0x0000000000800060        0x0 /usr/lib/gcc/avr/5.4.0/avr25/libgcc.a(_divmodsi4.o)
 .data          0x0000000000800060        0x0 /usr/lib/gcc/avr/5.4.0/avr25/libgcc.a(_negsi2.o)
 .data          0x0000000000800060        0x0 /usr/lib/gcc/avr/5.4.0/avr25/libgcc.a(_exit.o)
 .data          0x0000000000800060        0x0 /usr/lib/gcc/avr/5.4.0/avr25/libgcc.a(_clear_bss.o)
 .data          0x0000000000800060        0x0 /usr/lib/gcc/avr/5.4.0/avr25/libgcc.a(_udivmodsi4.o)
 .data          0x0000000000800060        0x0 /usr/lib/gcc/avr/5.4.0/../../../avr/lib/avr25/libc.a(memcpy.o)
 .data          0x0000000000800060        0x0 /usr/lib/gcc/avr/5.4.0/../../../avr/lib/avr25/libc.a(memset.o)
 .data          0x0000000000800060        0x0 /usr/lib/gcc/avr/5.4.0/../../../avr/lib/avr25/libattiny84.a(eerd_block.o)
 .data          0x0000000000800060        0x0 /usr/lib/gcc/avr/5.4.0/../../../avr/lib/avr25/libattiny84.a(eerd_byte.o)
 .data          0x0000000000800060        0x0 /usr/lib/gcc/avr/5.4.0/../../../avr/lib/avr25/libattiny84.a(eewr_block.o)
 .data          0x0000000000800060        0x0 /usr/lib/gcc/avr/5.4.0/../../../avr/lib/avr25/libattiny84.a(eewr_byte.o)
 *(.data*)
 *(.gnu.linkonce.d*)
 *(.rodata)
 *(.rodata*)
 *(.gnu.linkonce.r*)
                0x0000000000800060                . = ALIGN (0x2)
                0x0000000000800060                _edata = .
                [!provide]                        PROVIDE (__data_end, .)

.bss            0x0000000000800060       0xab
                0x0000000000800060                PROVIDE (__bss_start, .)
 *(.bss)
 .bss           0x0000000000800060        0x0 /usr/lib/gcc/avr/5.4.0/../../../avr/lib/avr25/crtattiny84.o
 .bss           0x0000000000800060       0xab main.o
 .bss           0x000000000080010b        0x0 /usr/lib/gcc/avr/5.4.0/avr25/libgcc.a(_mulqi3.o)
 .bss           0x000000000080010b        0x0 /usr/lib/gcc/avr/5.4.0/avr25/libgcc.a(_divmodsi4.o)
 .bss           0x000000000080010b        0x0 /usr/lib/gcc/avr/5.4.0/avr25/libgcc.a(_negsi2.o)
 .bss           0x000000000080010b        0x0 /usr/lib/gcc/avr/5.4.0/avr25/libgcc.a(_exit.o)
 .bss           0x000000000080010b        0x0 /usr/lib/gcc/avr/5.4.0/avr25/libgcc.a(_clear_bss.o)
 .bss           0x000000000080010b        0x0 /usr/lib/gcc/avr/5.4.0/avr25/libgcc.a(_udivmodsi4.o)
 .bss           0x000000000080010b        0x0 /usr/lib/gcc/avr/5.4.0/../../../avr/lib/avr25/libc.a(memcpy.o)
 .bss           0x000000000080010b        0x0 /usr/lib/gcc/avr/5.4.0/../../../avr/lib/avr25/libc.a(memset.o)
 .bss           0x000000000080010b        0x0 /usr/lib/gcc/avr/5.4.0/../../../avr/lib/avr25/libattiny84.a(eerd_block.o)
 .bss           0x000000000080010b        0x0 /usr/lib/gcc/avr/5.4.0/../../../avr/lib/avr25/libattiny84.a(eerd_byte.o)
 .bss           0x000000000080010b        0x0 /usr/lib/gcc/avr/5.4.0/../../../avr/lib/avr25/libattiny84.a(eewr_block.o)
 .bss           0x000000000080010b        0x0 /usr/lib/gcc/avr/5.4.0/../../../avr/lib/avr25/libattiny84.a(eewr_byte.o)
 *(.bss*)
 *(COMMON)
                0x000000000080010b                PROVIDE (__bss_end, .)
                0x00000000000008f6                __data_load_start = LOADADDR (.data)
                0x00000000000008f6                __data_load_end = (__data_load_start + SIZEOF (.data))

.noinit         0x000000000080010b        0x0
                [!provide]                        PROVIDE (__noinit_start, .)
 *(.noinit*)
                [!provide]                        PROVIDE (__noinit_end, .)
                0x000000000080010b                _end = .
                [!provide]                        PROVIDE (__heap_start, .)

.eeprom         0x0000000000810000        0x0
 *(.eeprom*)
                0x0000000000810000                __eeprom_end = .

.fuse
 *(.fuse)
 *(.lfuse)
 *(.hfuse)
 *(.efuse)

.lock
 *(.lock*)

.signature
 *(.signature*)

.user_signatures
 *(.user_signatures*)

.stab           0x0000000000000000     0x1404
 *(.stab)
 .stab          0x0000000000000000     0x1404 main.o

.stabstr        0x0000000000000000     0x1009
 *(.stabstr)
 .stabstr       0x0000000000000000     0x1009 main.o

.stab.excl
 *(.stab.excl)

.stab.exclstr
 *(.stab.exclstr)

.stab.index
 *(.stab.index)

.stab.indexstr
 *(.stab.indexstr)

.comment        0x0000000000000000       0x11
 *(.comment)
 .comment       0x0000000000000000       0x11 main.o
                                         0x12 (size before relaxing)

.note.gnu.avr.deviceinfo
                0x0000000000000000       0x3c
 .note.gnu.avr.deviceinfo
                0x0000000000000000       0x3c /usr/lib/gcc/avr/5.4.0/../../../avr/lib/avr25/crtattiny84.o

.note.gnu.build-id
 *(.note.gnu.build-id)

.debug
 *(.debug)

.line
 *(.line)

.debug_srcinfo
 *(.debug_srcinfo)

.debug_sfnames
 *(.debug_sfnames)

.debug_aranges
 *(.debug_aranges)

.debug_pubnames
 *(.debug_pubnames)

.debug_info     0x0000000000000000      0x420
 *(.debug_info .gnu.linkonce.wi.*)
 .debug_info    0x0000000000000000      0x420 /usr/lib/gcc/avr/5.4.0/../../../avr/lib/avr25/crtattiny84.o

.debug_abbrev   0x0000000000000000      0x3e8
 *(.debug_abbrev)
 .debug_abbrev  0x0000000000000000      0x3e8 /usr/lib/gcc/avr/5.4.0/../../../avr/lib/avr25/crtattiny84.o

.debug_line     0x0000000000000000       0x1a
 *(.debug_line .debug_line.* .debug_line_end)
 .debug_line    0x0000000000000000       0x1a /usr/lib/gcc/avr/5.4.0/../../../avr/lib/avr25/crtattiny84.o

.debug_frame
 *(.debug_frame)

.debug_str      0x0000000000000000      0x173
 *(.debug_str)
 .debug_str     0x0000000000000000      0x173 /usr/lib/gcc/avr/5.4.0/../../../avr/lib/avr25/crtattiny84.o

.debug_loc
 *(.debug_loc)

.debug_macinfo
 *(.debug_macinfo)

.debug_weaknames
 *(.debug_weaknames)

.debug_funcnames
 *(.debug_funcnames)

.debug_typenames
 *(.debug_typenames)

.debug_varnames
 *(.debug_varnames)

.debug_pubtypes
 *(.debug_pubtypes)

.debug_ranges
 *(.debug_ranges)

.debug_macro
 *(.debug_macro)
OUTPUT(main.elf elf32-avr)
LOAD linker stubs

Cross Reference Table

Symbol                                            File
__DATA_REGION_LENGTH__                            /usr/lib/gcc/avr/5.4.0/../../../avr/lib/avr25/crtattiny84.o
__DATA_REGION_ORIGIN__                            /usr/lib/gcc/avr/5.4.0/../../../avr/lib/avr25/crtattiny84.o
__EEPROM_REGION_LENGTH__                          /usr/lib/gcc/avr/5.4.0/../../../avr/lib/avr25/crtattiny84.o
__FUSE_REGION_LENGTH__                            /usr/lib/gcc/avr/5.4.0/../../../avr/lib/avr25/crtattiny84.o
__TEXT_REGION_LENGTH__                            /usr/lib/gcc/avr/5.4.0/../../../avr/lib/avr25/crtattiny84.o
__bad_interrupt                                   /usr/lib/gcc/avr/5.4.0/../../../avr/lib/avr25/crtattiny84.o
__bss_end                                         /usr/lib/gcc/avr/5.4.0/avr25/libgcc.a(_clear_bss.o)
__bss_start                                       /usr/lib/gcc/avr/5.4.0/avr25/libgcc.a(_clear_bss.o)
__divmodsi4                                       /usr/lib/gcc/avr/5.4.0/avr25/libgcc.a(_divmodsi4.o)
                                                  main.o
__do_clear_bss                                    /usr/lib/gcc/avr/5.4.0/avr25/libgcc.a(_clear_bss.o)
                                                  main.o
__heap_end                                        /usr/lib/gcc/avr/5.4.0/../../../avr/lib/avr25/crtattiny84.o
__init                                            /usr/lib/gcc/avr/5.4.0/../../../avr/lib/avr25/crtattiny84.o
__mulqi3                                          /usr/lib/gcc/avr/5.4.0/avr25/libgcc.a(_mulqi3.o)
                                                  main.o
__negsi2                                          /usr/lib/gcc/avr/5.4.0/avr25/libgcc.a(_negsi2.o)
                                                  /usr/lib/gcc/avr/5.4.0/avr25/libgcc.a(_divmodsi4.o)
__stack                                           /usr/lib/gcc/avr/5.4.0/../../../avr/lib/avr25/crtattiny84.o
__udivmodsi4                                      /usr/lib/gcc/avr/5.4.0/avr25/libgcc.a(_udivmodsi4.o)
                                                  /usr/lib/gcc/avr/5.4.0/avr25/libgcc.a(_divmodsi4.o)
__vector_1                                        /usr/lib/gcc/avr/5.4.0/../../../avr/lib/avr25/crtattiny84.o
__vector_10                                       /usr/lib/gcc/avr/5.4.0/../../../avr/lib/avr25/crtattiny84.o
__vector_11                                       /usr/lib/gcc/avr/5.4.0/../../../avr/lib/avr25/crtattiny84.o
__vector_12                                       /usr/lib/gcc/avr/5.4.0/../../../avr/lib/avr25/crtattiny84.o
__vector_13                                       /usr/lib/gcc/avr/5.4.0/../../../avr/lib/avr25/crtattiny84.o
__vector_14                                       /usr/lib/gcc/avr/5.4.0/../../../avr/lib/avr25/crtattiny84.o
__vector_15                                       /usr/lib/gcc/avr/5.4.0/../../../avr/lib/avr25/crtattiny84.o
__vector_16                                       /usr/lib/gcc/avr/5.4.0/../../../avr/lib/avr25/crtattiny84.o
__vector_2                                        /usr/lib/gcc/avr/5.4.0/../../../avr/lib/avr25/crtattiny84.o
__vector_3                                        /usr/lib/gcc/avr/5.4.0/../../../avr/lib/avr25/crtattiny84.o
__vector_4                                        /usr/lib/gcc/avr/5.4.0/../../../avr/lib/avr25/crtattiny84.o
__vector_5                                        /usr/lib/gcc/avr/5.4.0/../../../avr/lib/avr25/crtattiny84.o
__vector_6                                        /usr/lib/gcc/avr/5.4.0/../../../avr/lib/avr25/crtattiny84.o
__vector_7                                        /usr/lib/gcc/avr/5.4.0/../../../avr/lib/avr25/crtattiny84.o
__vector_8                                        /usr/lib/gcc/avr/5.4.0/../../../avr/lib/avr25/crtattiny84.o
__vector_9                                        /usr/lib/gcc/avr/5.4.0/../../../avr/lib/avr25/crtattiny84.o
__vector_default                                  /usr/lib/gcc/avr/5.4.0/../../../avr/lib/avr25/crtattiny84.o
__vectors                                         /usr/lib/gcc/avr/5.4.0/../../../avr/lib/avr25/crtattiny84.o
_exit                                             /usr/lib/gcc/avr/5.4.0/avr25/libgcc.a(_exit.o)
delay_column                                      main.o
eeprom_read_block                                 /usr/lib/gcc/avr/5.4.0/../../../avr/lib/avr25/libattiny84.a(eerd_block.o)
                                                  main.o
eeprom_read_blraw                                 /usr/lib/gcc/avr/5.4.0/../../../avr/lib/avr25/libattiny84.a(eerd_block.o)
eeprom_read_byte                                  /usr/lib/gcc/avr/5.4.0/../../../avr/lib/avr25/libattiny84.a(eerd_byte.o)
                                                  main.o
eeprom_write_block                                /usr/lib/gcc/avr/5.4.0/../../../avr/lib/avr25/libattiny84.a(eewr_block.o)
                                                  main.o
eeprom_write_byte                                 /usr/lib/gcc/avr/5.4.0/../../../avr/lib/avr25/libattiny84.a(eewr_byte.o)
                                                  main.o
eeprom_write_r18                                  /usr/lib/gcc/avr/5.4.0/../../../avr/lib/avr25/libattiny84.a(eewr_byte.o)
                                                  /usr/lib/gcc/avr/5.4.0/../../../avr/lib/avr25/libattiny84.a(eewr_block.o)
exit                                              /usr/lib/gcc/avr/5.4.0/avr25/libgcc.a(_exit.o)
                                                  /usr/lib/gcc/avr/5.4.0/../../../avr/lib/avr25/crtattiny84.o
font_table                                        main.o
led_port_code                                     main.o
main                                              main.o
                                                  /usr/lib/gcc/avr/5.4.0/../../../avr/lib/avr25/crtattiny84.o
memcpy                                            /usr/lib/gcc/avr/5.4.0/../../../avr/lib/avr25/libc.a(memcpy.o)
                                                  main.o
memset                                            /usr/lib/gcc/avr/5.4.0/../../../avr/lib/avr25/libc.a(memset.o)
                                                  main.o
read_adc                                          main.o
rx_byte                                           main.o
rx_ihex                                           main.o
sample_clk_data                                   main.o
show_messages                                     main.o
wait_for_clock                                    main.o
